\BOOKMARK [1][-]{section.1}{\376\377\000S\000t\000r\000e\000s\000z\000c\000z\000e\000n\000i\000e\000\040\000W\000y\000k\000o\000n\000a\000w\000c\000z\000e}{}% 1
\BOOKMARK [2][-]{subsection.1.1}{\376\377\000G\001\102\000\363\000w\000n\000e\000\040\000P\000r\000o\000b\000l\000e\000m\000y\000\040\000Z\000i\000d\000e\000n\000t\000y\000f\000i\000k\000o\000w\000a\000n\000e}{section.1}% 2
\BOOKMARK [2][-]{subsection.1.2}{\376\377\000K\000l\000u\000c\000z\000o\000w\000e\000\040\000U\000s\000t\000a\000l\000e\000n\000i\000a}{section.1}% 3
\BOOKMARK [1][-]{section.2}{\376\377\000S\000z\000c\000z\000e\000g\000\363\001\102\000o\000w\000a\000\040\000A\000n\000a\000l\000i\000z\000a\000\040\000P\000r\000o\000b\000l\000e\000m\000\363\000w}{}% 4
\BOOKMARK [2][-]{subsection.2.1}{\376\377\000P\000r\000o\000b\000l\000e\000m\000\040\0001\000:\000\040\000B\000r\000a\000k\000\040\000K\000l\000a\000s\000y\000\040\000B\000a\000c\000k\000g\000r\000o\000u\000n\000d}{section.2}% 5
\BOOKMARK [3][-]{subsubsection.2.1.1}{\376\377\000O\000p\000i\000s\000\040\000P\000r\000o\000b\000l\000e\000m\000u}{subsection.2.1}% 6
\BOOKMARK [3][-]{subsubsection.2.1.2}{\376\377\000T\000e\000c\000h\000n\000i\000c\000z\000n\000e\000\040\000S\000z\000c\000z\000e\000g\000\363\001\102\000y}{subsection.2.1}% 7
\BOOKMARK [3][-]{subsubsection.2.1.3}{\376\377\000L\000o\000k\000a\000l\000i\000z\000a\000c\000j\000a\000\040\000w\000\040\000K\000o\000d\000z\000i\000e}{subsection.2.1}% 8
\BOOKMARK [2][-]{subsection.2.2}{\376\377\000P\000r\000o\000b\000l\000e\000m\000\040\0002\000:\000\040\000F\000a\000l\000s\000e\000\040\000P\000o\000s\000i\000t\000i\000v\000e\000s\000\040\000n\000a\000\040\000C\000z\000y\000s\000t\000y\000m\000\040\000O\000k\000u}{section.2}% 9
\BOOKMARK [3][-]{subsubsection.2.2.1}{\376\377\000M\000e\000c\000h\000a\000n\000i\000z\000m\000\040\000P\000o\000w\000s\000t\000a\000w\000a\000n\000i\000a}{subsection.2.2}% 10
\BOOKMARK [3][-]{subsubsection.2.2.2}{\376\377\000D\000o\000w\000\363\000d\000\040\000E\000m\000p\000i\000r\000y\000c\000z\000n\000y}{subsection.2.2}% 11
\BOOKMARK [3][-]{subsubsection.2.2.3}{\376\377\000P\000o\000d\000o\000b\000i\000e\001\104\000s\000t\000w\000a\000\040\000W\000i\000z\000u\000a\000l\000n\000e\000\040\000\050\000O\000k\000o\000\040\000v\000s\000\040\000N\000a\000r\000z\001\031\000d\000z\000i\000a\000\051}{subsection.2.2}% 12
\BOOKMARK [2][-]{subsection.2.3}{\376\377\000P\000r\000o\000b\000l\000e\000m\000\040\0003\000:\000\040\000N\000i\000e\000w\000y\000k\000o\000r\000z\000y\000s\000t\000a\000n\000a\000\040\000I\000n\000f\000r\000a\000s\000t\000r\000u\000k\000t\000u\000r\000a}{section.2}% 13
\BOOKMARK [3][-]{subsubsection.2.3.1}{\376\377\000A\000n\000a\000l\000i\000z\000a\000\040\000D\000o\000s\000t\001\031\000p\000n\000y\000c\000h\000\040\000Z\000a\000s\000o\000b\000\363\000w}{subsection.2.3}% 14
\BOOKMARK [3][-]{subsubsection.2.3.2}{\376\377\000S\000t\000r\000u\000k\000t\000u\000r\000a\000\040\000D\000o\000s\000t\001\031\000p\000n\000y\000c\000h\000\040\000D\000a\000n\000y\000c\000h}{subsection.2.3}% 15
\BOOKMARK [1][-]{section.3}{\376\377\000S\000z\000c\000z\000e\000g\000\363\001\102\000o\000w\000e\000\040\000R\000o\000z\000w\000i\001\005\000z\000a\000n\000i\000a}{}% 16
\BOOKMARK [2][-]{subsection.3.1}{\376\377\000R\000o\000z\000w\000i\001\005\000z\000a\000n\000i\000e\000\040\0001\000:\000\040\000I\000m\000p\000l\000e\000m\000e\000n\000t\000a\000c\000j\000a\000\040\000K\000l\000a\000s\000y\000\040\000B\000a\000c\000k\000g\000r\000o\000u\000n\000d}{section.3}% 17
\BOOKMARK [3][-]{subsubsection.3.1.1}{\376\377\000S\000t\000r\000a\000t\000e\000g\000i\000a\000\040\000A\000:\000\040\000P\000e\001\102\000n\000y\000\040\000R\000e\000t\000r\000a\000i\000n\000i\000n\000g\000\040\000\050\000Z\000a\000l\000e\000c\000a\000n\000e\000\051}{subsection.3.1}% 18
\BOOKMARK [3][-]{subsubsection.3.1.2}{\376\377\000K\000r\000o\000k\000\040\0002\000:\000\040\000M\000o\000d\000y\000f\000i\000k\000a\000c\000j\000a\000\040\000s\000k\000r\000y\000p\000t\000u\000\040\000t\000r\000e\000n\000i\000n\000g\000o\000w\000e\000g\000o}{subsection.3.1}% 19
\BOOKMARK [2][-]{subsection.3.2}{\376\377\000R\000o\000z\000w\000i\001\005\000z\000a\000n\000i\000e\000\040\0002\000:\000\040\000F\000i\000n\000e\000-\000t\000u\000n\000i\000n\000g\000\040\000I\000s\000t\000n\000i\000e\000j\001\005\000c\000e\000g\000o\000\040\000M\000o\000d\000e\000l\000u}{section.3}% 20
\BOOKMARK [3][-]{subsubsection.3.2.1}{\376\377\000S\000t\000r\000a\000t\000e\000g\000i\000a\000\040\000B\000:\000\040\000M\000o\000d\000e\000l\000\040\000M\000o\000d\000i\000f\000i\000c\000a\000t\000i\000o\000n\000\040\000+\000\040\000F\000i\000n\000e\000-\000t\000u\000n\000i\000n\000g}{subsection.3.2}% 21
\BOOKMARK [1][-]{section.4}{\376\377\000P\000l\000a\000n\000\040\000I\000m\000p\000l\000e\000m\000e\000n\000t\000a\000c\000j\000i}{}% 22
\BOOKMARK [2][-]{subsection.4.1}{\376\377\000S\000t\000r\000a\000t\000e\000g\000i\000a\000\040\000Z\000a\000l\000e\000c\000a\000n\000a\000:\000\040\000F\000i\000n\000e\000-\000t\000u\000n\000i\000n\000g\000\040\000I\000s\000t\000n\000i\000e\000j\001\005\000c\000e\000g\000o\000\040\000M\000o\000d\000e\000l\000u}{section.4}% 23
\BOOKMARK [3][-]{subsubsection.4.1.1}{\376\377\000U\000z\000a\000s\000a\000d\000n\000i\000e\000n\000i\000e}{subsection.4.1}% 24
\BOOKMARK [3][-]{subsubsection.4.1.2}{\376\377\000H\000a\000r\000m\000o\000n\000o\000g\000r\000a\000m\000\040\000I\000m\000p\000l\000e\000m\000e\000n\000t\000a\000c\000j\000i}{subsection.4.1}% 25
\BOOKMARK [1][-]{section.5}{\376\377\000O\000c\000z\000e\000k\000i\000w\000a\000n\000e\000\040\000R\000e\000z\000u\000l\000t\000a\000t\000y}{}% 26
\BOOKMARK [2][-]{subsection.5.1}{\376\377\000M\000e\000t\000r\000y\000k\000i\000\040\000S\000u\000k\000c\000e\000s\000u}{section.5}% 27
\BOOKMARK [3][-]{subsubsection.5.1.1}{\376\377\000I\000m\000m\000e\000d\000i\000a\000t\000e\000\040\000B\000e\000n\000e\000f\000i\000t\000s\000\040\000\050\000F\000i\000n\000e\000-\000t\000u\000n\000i\000n\000g\000\051}{subsection.5.1}% 28
\BOOKMARK [3][-]{subsubsection.5.1.2}{\376\377\000L\000o\000n\000g\000-\000t\000e\000r\000m\000\040\000B\000e\000n\000e\000f\000i\000t\000s\000\040\000\050\000P\000e\001\102\000n\000y\000\040\000r\000e\000t\000r\000a\000i\000n\000i\000n\000g\000\051}{subsection.5.1}% 29
\BOOKMARK [2][-]{subsection.5.2}{\376\377\000T\000e\000s\000t\000y\000\040\000W\000a\000l\000i\000d\000a\000c\000y\000j\000n\000e}{section.5}% 30
\BOOKMARK [1][-]{section.6}{\376\377\000P\000o\000t\000e\000n\000c\000j\000a\000l\000n\000e\000\040\000P\000r\000o\000b\000l\000e\000m\000y\000\040\000i\000\040\000R\000o\000z\000w\000i\001\005\000z\000a\000n\000i\000a}{}% 31
\BOOKMARK [2][-]{subsection.6.1}{\376\377\000P\000r\000o\000b\000l\000e\000m\000\040\000A\000:\000\040\000D\000e\000g\000r\000a\000d\000a\000c\000j\000a\000\040\000T\000o\000o\000l\000\040\000D\000e\000t\000e\000c\000t\000i\000o\000n}{section.6}% 32
\BOOKMARK [2][-]{subsection.6.2}{\376\377\000P\000r\000o\000b\000l\000e\000m\000\040\000B\000:\000\040\000O\000v\000e\000r\000f\000i\000t\000t\000i\000n\000g\000\040\000n\000a\000\040\000B\000a\000c\000k\000g\000r\000o\000u\000n\000d}{section.6}% 33
\BOOKMARK [1][-]{section.7}{\376\377\000R\000e\000k\000o\000m\000e\000n\000d\000a\000c\000j\000e\000\040\000K\000o\001\104\000c\000o\000w\000e}{}% 34
\BOOKMARK [2][-]{subsection.7.1}{\376\377\000P\000r\000i\000o\000r\000y\000t\000e\000t\000\040\000N\000a\000t\000y\000c\000h\000m\000i\000a\000s\000t\000o\000w\000y}{section.7}% 35
\BOOKMARK [2][-]{subsection.7.2}{\376\377\000S\000e\000k\000w\000e\000n\000c\000j\000a\000\040\000D\000z\000i\000a\001\102\000a\001\104}{section.7}% 36
\BOOKMARK [2][-]{subsection.7.3}{\376\377\000S\000t\000r\000a\000t\000e\000g\000i\000a\000\040\000F\000a\000l\000l\000b\000a\000c\000k}{section.7}% 37
\BOOKMARK [2][-]{subsection.7.4}{\376\377\000M\000o\000n\000i\000t\000o\000r\000i\000n\000g}{section.7}% 38
\BOOKMARK [1][-]{section.8}{\376\377\000P\000o\000d\000s\000u\000m\000o\000w\000a\000n\000i\000e\000\040\000B\000a\000d\000a\000n\000i\000a}{}% 39
\BOOKMARK [2][-]{subsection.8.1}{\376\377\000G\001\102\000\363\000w\000n\000e\000\040\000U\000s\000t\000a\000l\000e\000n\000i\000a}{section.8}% 40
\BOOKMARK [2][-]{subsection.8.2}{\376\377\000P\000i\000l\000n\000e\000\040\000D\000z\000i\000a\001\102\000a\000n\000i\000a}{section.8}% 41
\BOOKMARK [2][-]{subsection.8.3}{\376\377\000O\000c\000z\000e\000k\000i\000w\000a\000n\000e\000\040\000R\000e\000z\000u\000l\000t\000a\000t\000y}{section.8}% 42
